// Jest Snapshot v1, https://goo.gl/fbAQLP

exports[`bootstrap 1`] = `"lerna bootstrap"`;

exports[`bootstrap but ignore some packages 1`] = `"lerna bootstrap --ignore component-*"`;

exports[`clean 1`] = `"lerna clean"`;

exports[`custom log level 1`] = `"lerna --loglevel silly ls"`;

exports[`diff all 1`] = `"lerna diff"`;

exports[`diff package 1`] = `"lerna diff pkg1"`;

exports[`exec 1`] = `"lerna exec --concurrency 4 -- npm version"`;

exports[`exec, custom inputs 1`] = `"lerna exec --concurrency 1 --scope component-* -- npm version"`;

exports[`exec, empty inputs 1`] = `"lerna exec -- npm version"`;

exports[`import 1`] = `"lerna import path/to/package"`;

exports[`init 1`] = `"lerna init"`;

exports[`init 2`] = `"lerna init --independent"`;

exports[`lerna ls 1`] = `"lerna ls"`;

exports[`publish 1`] = `"lerna publish"`;

exports[`publish custom: confirm all, no inputs 1`] = `"lerna publish --canary --skip-git --skip-npm --yes"`;

exports[`publish custom: no inputs, no confirms 1`] = `"lerna publish"`;

exports[`publish custom: only inputs 1`] = `"lerna publish --npm-tag custom --force-publish pkg1,pkg2 --repo-version 1.0.0"`;

exports[`run 1`] = `"lerna run --concurrency 4 test"`;

exports[`run, custom inputs 1`] = `"lerna run --concurrency 1 --scope component-* test"`;

exports[`run, empty inputs 1`] = `"lerna run test"`;

exports[`updated 1`] = `"lerna updated"`;
